不知火2000|<span aria-hidden="true" class="glyphicon glyphicon-lock"></span>|420|0.7425|https://ux.getuploader.com/e2339999zp/download/560
新・鬼ヶ島|<span aria-hidden="true" class="glyphicon glyphicon-lock"></span>|94|1.4|https://ux.getuploader.com/e2339999zp/download/432
がんばれゴエモンのテーマ|<span aria-hidden="true" class="glyphicon glyphicon-lock"></span>|123|0.9455|https://ux.getuploader.com/e2339999zp/download/349
そたま2000|<span aria-hidden="true" class="glyphicon glyphicon-lock"></span>|733|1.3|https://ux.getuploader.com/e2339999zp/download/347
DEBSTEP!|<span aria-hidden="true" class="glyphicon glyphicon-lock"></span>|310|1.5|https://ux.getuploader.com/e2339999zp/download/312
またわかやま2000|<span aria-hidden="true" class="glyphicon glyphicon-lock"></span>|932|1.7|https://ux.getuploader.com/e2339999zp/download/304
ネオトレント2000|<span aria-hidden="true" class="glyphicon glyphicon-lock"></span>|1061|1.2|https://ux.getuploader.com/e2339999zp/download/209
マタアイマショウ|すべて本家譜面。|812|1.6|https://ux.getuploader.com/e2337650/download/699
スパート！|(太鼓音源に差し替え・譜面修正)すべて本家譜面。...|526|1.4|https://ux.getuploader.com/e2337650/download/632
That\'s The Way(I Like It)|すべて本家譜面。|295|1.7|https://ux.getuploader.com/e2337650/download/514
夏竜 ～Karyu～|(OFFSET修正)裏のかんたん～むずかしい以外すべて本家譜...|10249|2.1|https://ux.getuploader.com/e2337650/download/493
エキセントリックw|すべて本家譜面。|3047|2.0|https://ux.getuploader.com/e2337650/download/339
おどるポンポコリン|(リクエスト)すべて本家譜面。...|2545|1.3|https://ux.getuploader.com/e2337650/download/249
Rare Hero 2|<span aria-hidden="true" class="glyphicon glyphicon-lock"></span>|108|2.1|https://ux.getuploader.com/e2337650/download/69
INSIDE IDENTITY|新AC限定曲。すべて本家譜面。...|3621|1.1|https://ux.getuploader.com/e2337650/download/67
卒業2000|<span aria-hidden="true" class="glyphicon glyphicon-lock"></span>|500|1.9|https://ux.getuploader.com/e2337650/download/52
マルバツ2000|<span aria-hidden="true" class="glyphicon glyphicon-lock"></span>|439|1.9|https://ux.getuploader.com/e2337650/download/18
シュガーソングとビターステップ|すべて本家譜面。|13409|1.7|https://ux.getuploader.com/toukyuutoyoko9000/download/474
EAT\'EM UP!|すべて本家譜面。|1793|1.6|https://ux.getuploader.com/toukyuutoyoko9000/download/463
地平線のエオリア |(修正版)すべて本家譜面。...|980|2.0|https://ux.getuploader.com/toukyuutoyoko9000/download/455
めだかの兄妹|(修正版)すべて本家譜面。...|400|0.7925|https://ux.getuploader.com/toukyuutoyoko9000/download/422
パンパカパンツ|(修正版)すべて本家譜面。...|396|0.862|https://ux.getuploader.com/toukyuutoyoko9000/download/409
お菓子刑事の歌|(修正版)すべて本家譜面。...|1453|1.5|https://ux.getuploader.com/toukyuutoyoko9000/download/406
おてもやん|(修正版)すべて本家譜面。...|540|1.4|https://ux.getuploader.com/toukyuutoyoko9000/download/405
ルパン三世のテーマ \'78|(リクエスト・CS1音源)裏のかんたん～むずかしい以外すべて...|8949|1.1|https://ux.getuploader.com/toukyuutoyoko9000/download/393
キミにタッチ！|(修正版)すべて本家譜面。...|536|1.2|https://ux.getuploader.com/toukyuutoyoko9000/download/349
蛻変 ～transformation～|表裏すべて本家譜面。|1110|1.9|https://ux.getuploader.com/toukyuutoyoko9000/download/329
どん子のファーストデート|(リクエスト)すべて本家譜面。...|845|1.7|https://ux.getuploader.com/toukyuutoyoko9000/download/75
ひろガル2000|<span aria-hidden="true" class="glyphicon glyphicon-lock"></span>|170|0.7921|https://ux.getuploader.com/toukyuutoyoko9000/download/44
蓄勢 ～GEAR UP～|(星の数を新基準に変更)表裏すべて本家譜面。...|145|2.1|https://ux.getuploader.com/e2351000/download/298
Phoenix|(音源差し替え)すべて本家譜面。...|110|1.9|https://ux.getuploader.com/e2351000/download/265
Doom Noiz|(音源差し替え)すべて本家譜面。...|382|2.3|https://ux.getuploader.com/e2351000/download/248
Jump Up, Super Star! Short Version|(音源差し替え)すべて本家譜面。...|270|1.8|https://ux.getuploader.com/e2351000/download/216
マジLOVE2000%|(音源差し替え・微修正)新AC限定(今は幻の)曲。すべて本家...|245|1.5|https://ux.getuploader.com/e2351000/download/202
YouTubeテーマソング|すべて本家譜面。|5842|1.9|https://ux.getuploader.com/e2351000/download/132
THE IDOLM@STER|(新譜面追加)すべて本家譜面。...|3862|1.7|https://ux.getuploader.com/e2351000/download/83
Star!!|裏のかんたん～むずかしい以外すべて本家譜面。...|5023|1.3|https://ux.getuploader.com/e2351000/download/80
スパート！|(修正版)すべて本家譜面。...|688|1.2|https://ux.getuploader.com/e2351000/download/76
恋文2000|(修正版)すべて本家譜面。...|15418|1.8|https://ux.getuploader.com/e2351000/download/64
shiny smile|(新譜面追加)すべて本家譜面。...|1499|1.6|https://ux.getuploader.com/e2351000/download/61
Punishment|すべて本家譜面。|1959|1.8|https://ux.getuploader.com/e2351000/download/31
